// Vitest Snapshot v1, https://vitest.dev/guide/snapshot.html

exports[`Header Component > should render cart icon with item count 1`] = `null`;

exports[`Header Component > should render header with user authenticated 1`] = `
<header
  class="bg-white shadow-sm border-b border-gray-200 px-6 py-4"
>
  <div
    class="flex items-center justify-between"
  >
    <div
      class="flex items-center space-x-4"
    >
      <h1
        class="text-xl font-semibold text-gray-900"
      >
        Restaurant Order System
      </h1>
    </div>
    <div
      class="flex items-center space-x-4"
    >
                
      <a
        class="relative p-2 text-gray-500 hover:text-gray-700 transition-colors"
        data-discover="true"
        href="/cart"
      >
        <svg
          aria-hidden="true"
          class="lucide lucide-shopping-cart h-6 w-6"
          fill="none"
          height="24"
          stroke="currentColor"
          stroke-linecap="round"
          stroke-linejoin="round"
          stroke-width="2"
          viewBox="0 0 24 24"
          width="24"
          xmlns="http://www.w3.org/2000/svg"
        >
          <circle
            cx="8"
            cy="21"
            r="1"
          />
          <circle
            cx="19"
            cy="21"
            r="1"
          />
          <path
            d="M2.05 2.05h2l2.66 12.42a2 2 0 0 0 2 1.58h9.78a2 2 0 0 0 1.95-1.57l1.65-7.43H5.12"
          />
        </svg>
        <span
          class="absolute -top-1 -right-1 bg-red-500 text-white text-xs rounded-full h-5 w-5 flex items-center justify-center"
        >
          2
        </span>
      </a>
      <div
        class="relative"
      >
        <button
          class="p-2 text-gray-500 hover:text-gray-700 transition-colors relative"
        >
          <svg
            aria-hidden="true"
            class="lucide lucide-bell h-6 w-6"
            fill="none"
            height="24"
            stroke="currentColor"
            stroke-linecap="round"
            stroke-linejoin="round"
            stroke-width="2"
            viewBox="0 0 24 24"
            width="24"
            xmlns="http://www.w3.org/2000/svg"
          >
            <path
              d="M10.268 21a2 2 0 0 0 3.464 0"
            />
            <path
              d="M3.262 15.326A1 1 0 0 0 4 17h16a1 1 0 0 0 .74-1.673C19.41 13.956 18 12.499 18 8A6 6 0 0 0 6 8c0 4.499-1.411 5.956-2.738 7.326"
            />
          </svg>
          <span
            class="absolute -top-1 -right-1 bg-red-500 text-white text-xs rounded-full h-5 w-5 flex items-center justify-center"
          >
            3
          </span>
        </button>
      </div>
                
      <div
        class="flex items-center space-x-3"
      >
                    
        <a
          class="flex items-center space-x-2 text-gray-700 hover:text-gray-900 transition-colors"
          data-discover="true"
          href="/personal"
        >
          <svg
            aria-hidden="true"
            class="lucide lucide-user h-6 w-6"
            fill="none"
            height="24"
            stroke="currentColor"
            stroke-linecap="round"
            stroke-linejoin="round"
            stroke-width="2"
            viewBox="0 0 24 24"
            width="24"
            xmlns="http://www.w3.org/2000/svg"
          >
            <path
              d="M19 21v-2a4 4 0 0 0-4-4H9a4 4 0 0 0-4 4v2"
            />
            <circle
              cx="12"
              cy="7"
              r="4"
            />
          </svg>
          <span
            class="text-sm font-medium"
          />
        </a>
        <button
          class="p-2 text-gray-500 hover:text-red-600 transition-colors"
          title="Logout"
        >
          <svg
            aria-hidden="true"
            class="lucide lucide-log-out h-5 w-5"
            fill="none"
            height="24"
            stroke="currentColor"
            stroke-linecap="round"
            stroke-linejoin="round"
            stroke-width="2"
            viewBox="0 0 24 24"
            width="24"
            xmlns="http://www.w3.org/2000/svg"
          >
            <path
              d="m16 17 5-5-5-5"
            />
            <path
              d="M21 12H9"
            />
            <path
              d="M9 21H5a2 2 0 0 1-2-2V5a2 2 0 0 1 2-2h4"
            />
          </svg>
        </button>
      </div>
    </div>
  </div>
</header>
`;

exports[`Header Component > should render notification bell with unread count 1`] = `null`;
